// Jest Snapshot v1, https://goo.gl/fbAQLP

exports[`<Footer /> renders <Footer /> component 1`] = `
<div
  class="footer__Break-sc-1f2xkr1-6 kYKBgt"
/>
`;
